acpid
base-files
base-passwd
bash
build-essential
cloud-init
dash
diffutils
eatmydata
ec2-hibinit-agent
ec2-instance-connect
fdisk
findutils
git
grep
gzip
hibagent
hostname
htop
init
libdebconfclient0
libeatmydata1
libfdisk1
libfreetype6-dev
libfribidi-dev
libharfbuzz-dev
libjpeg-dev
libjpeg8-dev
liblcms2-dev
libldap2-dev
libopenjp2-7-dev
libpq-dev
libsasl2-dev
libsodium23
libtiff5-dev
libwebp-dev
libwrap0
libxcb1-dev
libxml2-dev
libxslt1-dev
libzip-dev
linux-aws
linux-aws-headers-5.4.0-1018
linux-headers-5.4.0-1018-aws
linux-headers-aws
linux-image-5.4.0-1018-aws
linux-image-aws
linux-modules-5.4.0-1018-aws
ncurses-base
ncurses-bin
ncurses-term
node-less
openssh-server
openssh-sftp-server
postgresql
python3-dev
python3-distutils
python3-importlib-metadata
python3-jinja2
python3-json-pointer
python3-jsonpatch
python3-jsonschema
python3-lib2to3
python3-markupsafe
python3-more-itertools
python3-nacl
python3-pip
python3-pymacaroons
python3-pyrsistent
python3-serial
python3-setuptools
python3-venv
python3-wheel
python3-zipp
ssh-import-id
sysvinit-utils
ubuntu-minimal
ubuntu-server
ubuntu-standard
unzip
wget
wkhtmltox
zlib1g-dev
